// Jest Snapshot v1, https://goo.gl/fbAQLP

exports[`watches for changes to directory 1`] = `
[
  [
    "ðŸ§¨ Watching changes to files in '/mock/full/path'",
  ],
  [
    "ðŸ§¨ Change detected to files in '/mock/full/path'",
  ],
]
`;
